// Jest Snapshot v1, https://goo.gl/fbAQLP

exports[`CategoryTagList is rendered correctly to match the snapshot 1`] = `
.emotion-0 {
  display: -webkit-inline-box;
  display: -webkit-inline-flex;
  display: -ms-inline-flexbox;
  display: inline-flex;
  margin: 0 0.7rem 0.7rem 0;
}

.emotion-2 {
  padding: 3% 1rem 4%;
  margin: 0;
  font-size: 0.8em;
  font-weight: 600;
  color: white;
  -webkit-text-decoration: none;
  text-decoration: none;
  background-color: hsla(212, 72%, 50%);
  -webkit-filter: drop-shadow(2px 2px 1px hsla(212, 72%, 80%));
  filter: drop-shadow(2px 2px 1px hsla(212, 72%, 80%));
  border-radius: 3px;
}

.emotion-2:hover {
  color: white;
  background-color: hsla(212, 72%, 60%);
}

.emotion-2:visited {
  color: white;
}

<CategoryTagList
  tags={
    Array [
      "A",
      "B",
      "C",
      "DUPLICATE",
      "DUPLICATE",
    ]
  }
>
  <ComponentWrapperDiv
    key="A"
  >
    <div
      className="emotion-0 emotion-1"
    >
      <CategoryTag
        name="A"
      >
        <Link
          href="/tags/A"
          passHref={true}
        >
          <Anchor
            href="/tags/A"
            onClick={[Function]}
            onMouseEnter={[Function]}
          >
            <a
              className="emotion-2 emotion-3"
              href="/tags/A"
              onClick={[Function]}
              onMouseEnter={[Function]}
            >
              A
            </a>
          </Anchor>
        </Link>
      </CategoryTag>
    </div>
  </ComponentWrapperDiv>
  <ComponentWrapperDiv
    key="B"
  >
    <div
      className="emotion-0 emotion-1"
    >
      <CategoryTag
        name="B"
      >
        <Link
          href="/tags/B"
          passHref={true}
        >
          <Anchor
            href="/tags/B"
            onClick={[Function]}
            onMouseEnter={[Function]}
          >
            <a
              className="emotion-2 emotion-3"
              href="/tags/B"
              onClick={[Function]}
              onMouseEnter={[Function]}
            >
              B
            </a>
          </Anchor>
        </Link>
      </CategoryTag>
    </div>
  </ComponentWrapperDiv>
  <ComponentWrapperDiv
    key="C"
  >
    <div
      className="emotion-0 emotion-1"
    >
      <CategoryTag
        name="C"
      >
        <Link
          href="/tags/C"
          passHref={true}
        >
          <Anchor
            href="/tags/C"
            onClick={[Function]}
            onMouseEnter={[Function]}
          >
            <a
              className="emotion-2 emotion-3"
              href="/tags/C"
              onClick={[Function]}
              onMouseEnter={[Function]}
            >
              C
            </a>
          </Anchor>
        </Link>
      </CategoryTag>
    </div>
  </ComponentWrapperDiv>
  <ComponentWrapperDiv
    key="DUPLICATE"
  >
    <div
      className="emotion-0 emotion-1"
    >
      <CategoryTag
        name="DUPLICATE"
      >
        <Link
          href="/tags/DUPLICATE"
          passHref={true}
        >
          <Anchor
            href="/tags/DUPLICATE"
            onClick={[Function]}
            onMouseEnter={[Function]}
          >
            <a
              className="emotion-2 emotion-3"
              href="/tags/DUPLICATE"
              onClick={[Function]}
              onMouseEnter={[Function]}
            >
              DUPLICATE
            </a>
          </Anchor>
        </Link>
      </CategoryTag>
    </div>
  </ComponentWrapperDiv>
</CategoryTagList>
`;
