// Jest Snapshot v1, https://goo.gl/fbAQLP

exports[`TagPage is rendered correctly to match the snapshot 1`] = `
.emotion-0 {
  margin-bottom: 3rem;
  border-bottom: 0.25rem solid hsla(0, 0%, 75%);
}

.emotion-2 {
  margin: 0 0 1rem;
  font-size: 2.16em;
}

.emotion-4 {
  display: grid;
  grid-gap: 5%;
  margin: 0 auto;
}

.emotion-6 h1 {
  font-size: 2.3rem;
}

.emotion-10 {
  margin-bottom: 0.3rem;
}

.emotion-12 {
  display: -webkit-box;
  display: -webkit-flex;
  display: -ms-flexbox;
  display: flex;
  -webkit-box-flex-flow: row wrap;
  -webkit-flex-flow: row wrap;
  -ms-flex-flow: row wrap;
  flex-flow: row wrap;
  -webkit-align-items: center;
  -webkit-box-align: center;
  -ms-flex-align: center;
  align-items: center;
  margin-bottom: 1rem;
}

.emotion-12>* {
  margin-right: 1rem;
}

.emotion-14 {
  display: -webkit-box;
  display: -webkit-flex;
  display: -ms-flexbox;
  display: flex;
  -webkit-box-flex-flow: row wrap;
  -webkit-flex-flow: row wrap;
  -ms-flex-flow: row wrap;
  flex-flow: row wrap;
}

.emotion-16 {
  margin-right: 0.5rem;
  font-weight: 600;
}

.emotion-18 {
  font-weight: bolder;
  color: hsla(212, 72%, 35%);
}

.emotion-28 {
  margin: 0;
  color: hsla(0, 0%, 15%);
  -webkit-text-decoration: none;
  text-decoration: none;
  -webkit-filter: drop-shadow(
        2px 2px 1px hsla(148, 72%, 75%)
      );
  filter: drop-shadow(
        2px 2px 1px hsla(148, 72%, 75%)
      );
}

.emotion-28:visited {
  color: hsla(0, 0%, 15%);
}

.emotion-30 {
  margin-top: 0.3rem;
}

.emotion-32 {
  margin-top: 2rem;
  margin-bottom: 0.5rem;
}

.emotion-34 {
  display: -webkit-box;
  display: -webkit-flex;
  display: -ms-flexbox;
  display: flex;
  -webkit-box-flex-flow: row wrap;
  -webkit-flex-flow: row wrap;
  -ms-flex-flow: row wrap;
  flex-flow: row wrap;
}

.emotion-34>* {
  margin-right: 0.7rem;
  margin-bottom: 0.7rem;
}

.emotion-36 {
  display: -webkit-box;
  display: -webkit-flex;
  display: -ms-flexbox;
  display: flex;
  -webkit-align-items: center;
  -webkit-box-align: center;
  -ms-flex-align: center;
  align-items: center;
  color: hsla(0, 0%, 40%);
}

.emotion-38 {
  padding: 0.2rem 1rem;
  font-size: 0.8em;
  color: white;
  -webkit-text-decoration: none;
  text-decoration: none;
  background-color: hsla(212, 72%, 45%);
  -webkit-filter: drop-shadow(
        2px 2px 1px hsla(212, 72%, 75%)
      );
  filter: drop-shadow(
        2px 2px 1px hsla(212, 72%, 75%)
      );
  border-radius: 3px;
}

.emotion-38:hover {
  color: white;
  background-color: hsla(212, 72%, 55%);
}

.emotion-38:visited {
  color: white;
}

<ThemeProvider
  theme={
    Object {
      "color": Object {
        "articleShareButtons": Object {
          "buttonWrapperDiv": Object {
            "shadow": "hsla(212, 72%, 75%)",
          },
        },
        "blogTitle": Object {
          "logoWrapperAnchor": Object {
            "textOnHover": "hsla(148, 72%, 75%)",
          },
        },
        "bodyHeader": Object {
          "titleAnchor": Object {
            "shadow": "hsla(148, 72%, 75%)",
          },
        },
        "categoryTag": Object {
          "anchor": Object {
            "bg": "hsla(212, 72%, 45%)",
            "bgOnHover": "hsla(212, 72%, 55%)",
            "shadow": "hsla(212, 72%, 75%)",
            "text": "white",
          },
        },
        "common": Object {
          "border": Object {
            "primary": "hsla(0, 0%, 50%)",
            "primaryLight": "hsla(0, 0%, 75%)",
          },
          "text": Object {
            "accent": "hsla(148, 72%, 45%)",
            "primary": "hsla(0, 0%, 15%)",
            "primaryLight": "hsla(0, 0%, 40%)",
            "secondary": "hsla(212, 72%, 35%)",
          },
        },
        "dateTime": Object {
          "isoDateTime": Object {
            "text": "hsla(212, 72%, 35%)",
          },
        },
        "global": Object {
          "body": Object {
            "bg": "hsla(60, 72%, 55%)",
          },
          "table": Object {
            "tr": Object {
              "bg2n": "hsla(148, 72%, 85%)",
            },
          },
        },
        "markdownRenderer": Object {
          "convertedMdBody": Object {
            "blockquote": Object {
              "border": "hsla(212, 72%, 85%)",
            },
          },
        },
        "siteHeader": Object {
          "header": Object {
            "bg": "hsla(148, 72%, 25%)",
            "shadow": "hsla(148, 72%, 15%)",
          },
          "innerWrapperFlexContainerDiv": Object {
            "shadow": "hsla(148, 72%, 15%)",
          },
        },
        "socialLinkWithIcon": Object {
          "socialLinkAnchor": Object {
            "textOnHover": "hsla(60, 72%, 55%)",
          },
        },
      },
    }
  }
>
  <TagsPage
    filteredArticles={
      Array [
        Object {
          "attributes": Object {
            "id": "test-article-id-2",
            "publishedAt": "2021-02-01T00:00:00.000Z",
            "tags": Array [
              "custom-test-tag",
            ],
            "title": "Test Article Title 2",
          },
          "body": "## test h2

this is a test paragraph of test-article-id-2.
",
          "changeLogs": Array [
            Object {
              "author": "8ayac",
              "date": "2021-02-01T11:11:11.000Z",
              "description": ":test_prefix: this is a test commit 2-1",
              "id": "2000001",
            },
            Object {
              "author": "8ayac",
              "date": "2021-02-01T22:22:22.000Z",
              "description": ":test_prefix: this is a test commit 2-2",
              "id": "2000002",
            },
          ],
          "description": "test h2

this is a test paragraph of test-article-id-2.

",
        },
        Object {
          "attributes": Object {
            "id": "test-article-id-1",
            "publishedAt": "2021-01-01T00:00:00.000Z",
            "tags": Array [
              "custom-test-tag",
            ],
            "title": "Test Article Title 1",
          },
          "body": "## test h2

this is a test paragraph of test-article-id-1.
",
          "changeLogs": Array [
            Object {
              "author": "8ayac",
              "date": "2021-01-01T11:11:11.000Z",
              "description": ":test_prefix: this is a test commit 1-1",
              "id": "1000001",
            },
            Object {
              "author": "8ayac",
              "date": "2021-01-01T22:22:22.000Z",
              "description": ":test_prefix: this is a test commit 1-2",
              "id": "1000002",
            },
          ],
          "description": "test h2

this is a test paragraph of test-article-id-1.

",
        },
      ]
    }
    name="custom-test-tag"
  >
    <SEO
      tagName="custom-test-tag"
    >
      <_default
        openGraph={
          Object {
            "title": "#custom-test-tag - もしくはこれ",
          }
        }
        title="#custom-test-tag"
        twitter={
          Object {
            "cardType": "summary",
          }
        }
      >
        <Head>
          <_default
            headManager={Object {}}
            inAmpMode={false}
            reduceComponentsToState={[Function]}
          />
        </Head>
      </_default>
    </SEO>
    <BodyHeader
      title="Tag: custom-test-tag"
    >
      <WrapperHeader>
        <header
          className="emotion-0 emotion-1"
        >
          <TitleH1>
            <h1
              className="emotion-2 emotion-3"
            >
              Tag: custom-test-tag
            </h1>
          </TitleH1>
        </header>
      </WrapperHeader>
    </BodyHeader>
    <ArticleHeaderList
      articles={
        Array [
          Object {
            "attributes": Object {
              "id": "test-article-id-2",
              "publishedAt": "2021-02-01T00:00:00.000Z",
              "tags": Array [
                "custom-test-tag",
              ],
              "title": "Test Article Title 2",
            },
            "body": "## test h2

this is a test paragraph of test-article-id-2.
",
            "changeLogs": Array [
              Object {
                "author": "8ayac",
                "date": "2021-02-01T11:11:11.000Z",
                "description": ":test_prefix: this is a test commit 2-1",
                "id": "2000001",
              },
              Object {
                "author": "8ayac",
                "date": "2021-02-01T22:22:22.000Z",
                "description": ":test_prefix: this is a test commit 2-2",
                "id": "2000002",
              },
            ],
            "description": "test h2

this is a test paragraph of test-article-id-2.

",
          },
          Object {
            "attributes": Object {
              "id": "test-article-id-1",
              "publishedAt": "2021-01-01T00:00:00.000Z",
              "tags": Array [
                "custom-test-tag",
              ],
              "title": "Test Article Title 1",
            },
            "body": "## test h2

this is a test paragraph of test-article-id-1.
",
            "changeLogs": Array [
              Object {
                "author": "8ayac",
                "date": "2021-01-01T11:11:11.000Z",
                "description": ":test_prefix: this is a test commit 1-1",
                "id": "1000001",
              },
              Object {
                "author": "8ayac",
                "date": "2021-01-01T22:22:22.000Z",
                "description": ":test_prefix: this is a test commit 1-2",
                "id": "1000002",
              },
            ],
            "description": "test h2

this is a test paragraph of test-article-id-1.

",
          },
        ]
      }
    >
      <ComponentWrapperDiv>
        <div
          className="emotion-4 emotion-5"
        >
          <ArticleHeaderWrapperDiv>
            <div
              className="emotion-6 emotion-7"
            >
              <ArticleHeader
                article={
                  Object {
                    "attributes": Object {
                      "id": "test-article-id-2",
                      "publishedAt": "2021-02-01T00:00:00.000Z",
                      "tags": Array [
                        "custom-test-tag",
                      ],
                      "title": "Test Article Title 2",
                    },
                    "body": "## test h2

this is a test paragraph of test-article-id-2.
",
                    "changeLogs": Array [
                      Object {
                        "author": "8ayac",
                        "date": "2021-02-01T11:11:11.000Z",
                        "description": ":test_prefix: this is a test commit 2-1",
                        "id": "2000001",
                      },
                      Object {
                        "author": "8ayac",
                        "date": "2021-02-01T22:22:22.000Z",
                        "description": ":test_prefix: this is a test commit 2-2",
                        "id": "2000002",
                      },
                    ],
                    "description": "test h2

this is a test paragraph of test-article-id-2.

",
                  }
                }
                key="test-article-id-2"
              >
                <BodyHeader
                  afterTitle={
                    <TagListWrapperDiv>
                      <CategoryTagList
                        tags={
                          Array [
                            "custom-test-tag",
                          ]
                        }
                        withPreIcon={true}
                      />
                    </TagListWrapperDiv>
                  }
                  beforeTitle={
                    <DateTimeWrapperDiv>
                      <DateTime
                        date="2021-02-01T00:00:00.000Z"
                        description="Published At"
                      />
                      <DateTime
                        date={2021-02-01T22:22:22.000Z}
                        description="Updated At"
                      />
                    </DateTimeWrapperDiv>
                  }
                  linkTo="/articles/2021-02-01/test-article-id-2"
                  title="Test Article Title 2"
                >
                  <WrapperHeader>
                    <header
                      className="emotion-0 emotion-1"
                    >
                      <BeforeTitleDiv>
                        <div
                          className="emotion-10 emotion-11"
                        >
                          <DateTimeWrapperDiv>
                            <div
                              className="emotion-12 emotion-13"
                            >
                              <DateTime
                                date="2021-02-01T00:00:00.000Z"
                                description="Published At"
                              >
                                <ComponentWrapperDiv>
                                  <div
                                    className="emotion-14 emotion-15"
                                  >
                                    <DescriptionSpan>
                                      <span
                                        className="emotion-16 emotion-17"
                                      >
                                        Published At:
                                      </span>
                                    </DescriptionSpan>
                                    <ISODateTime>
                                      <time
                                        className="emotion-18 emotion-19"
                                      >
                                        2021-02-01T00:00:00.000Z
                                      </time>
                                    </ISODateTime>
                                  </div>
                                </ComponentWrapperDiv>
                              </DateTime>
                              <DateTime
                                date={2021-02-01T22:22:22.000Z}
                                description="Updated At"
                              >
                                <ComponentWrapperDiv>
                                  <div
                                    className="emotion-14 emotion-15"
                                  >
                                    <DescriptionSpan>
                                      <span
                                        className="emotion-16 emotion-17"
                                      >
                                        Updated At:
                                      </span>
                                    </DescriptionSpan>
                                    <ISODateTime>
                                      <time
                                        className="emotion-18 emotion-19"
                                      >
                                        2021-02-01T22:22:22.000Z
                                      </time>
                                    </ISODateTime>
                                  </div>
                                </ComponentWrapperDiv>
                              </DateTime>
                            </div>
                          </DateTimeWrapperDiv>
                        </div>
                      </BeforeTitleDiv>
                      <TitleH1>
                        <h1
                          className="emotion-2 emotion-3"
                        >
                          <Link
                            href="/articles/2021-02-01/test-article-id-2"
                            passHref={true}
                          >
                            <TitleAnchor
                              href="/articles/2021-02-01/test-article-id-2"
                              onClick={[Function]}
                              onMouseEnter={[Function]}
                            >
                              <a
                                className="emotion-28 emotion-29"
                                href="/articles/2021-02-01/test-article-id-2"
                                onClick={[Function]}
                                onMouseEnter={[Function]}
                              >
                                Test Article Title 2
                              </a>
                            </TitleAnchor>
                          </Link>
                        </h1>
                      </TitleH1>
                      <AfterTitleDiv>
                        <div
                          className="emotion-30 emotion-31"
                        >
                          <TagListWrapperDiv>
                            <div
                              className="emotion-32 emotion-33"
                            >
                              <CategoryTagList
                                tags={
                                  Array [
                                    "custom-test-tag",
                                  ]
                                }
                                withPreIcon={true}
                              >
                                <S-ComponentWrapperDiv>
                                  <div
                                    className="emotion-34 emotion-35"
                                  >
                                    <S-PreIconWrapperDiv>
                                      <div
                                        className="emotion-36 emotion-37"
                                      >
                                        <FontAwesomeIcon
                                          border={false}
                                          fixedWidth={false}
                                          flip={null}
                                          icon={
                                            Object {
                                              "icon": Array [
                                                640,
                                                512,
                                                Array [],
                                                "f02c",
                                                "M497.941 225.941L286.059 14.059A48 48 0 0 0 252.118 0H48C21.49 0 0 21.49 0 48v204.118a48 48 0 0 0 14.059 33.941l211.882 211.882c18.744 18.745 49.136 18.746 67.882 0l204.118-204.118c18.745-18.745 18.745-49.137 0-67.882zM112 160c-26.51 0-48-21.49-48-48s21.49-48 48-48 48 21.49 48 48-21.49 48-48 48zm513.941 133.823L421.823 497.941c-18.745 18.745-49.137 18.745-67.882 0l-.36-.36L527.64 323.522c16.999-16.999 26.36-39.6 26.36-63.64s-9.362-46.641-26.36-63.64L331.397 0h48.721a48 48 0 0 1 33.941 14.059l211.882 211.882c18.745 18.745 18.745 49.137 0 67.882z",
                                              ],
                                              "iconName": "tags",
                                              "prefix": "fas",
                                            }
                                          }
                                          inverse={false}
                                          listItem={false}
                                          mask={null}
                                          pull={null}
                                          pulse={false}
                                          rotation={null}
                                          size={null}
                                          spin={false}
                                          swapOpacity={false}
                                          symbol={false}
                                          title=""
                                          transform={null}
                                        >
                                          <svg
                                            aria-hidden="true"
                                            className="svg-inline--fa fa-tags fa-w-20 "
                                            data-icon="tags"
                                            data-prefix="fas"
                                            focusable="false"
                                            role="img"
                                            style={Object {}}
                                            viewBox="0 0 640 512"
                                            xmlns="http://www.w3.org/2000/svg"
                                          >
                                            <path
                                              d="M497.941 225.941L286.059 14.059A48 48 0 0 0 252.118 0H48C21.49 0 0 21.49 0 48v204.118a48 48 0 0 0 14.059 33.941l211.882 211.882c18.744 18.745 49.136 18.746 67.882 0l204.118-204.118c18.745-18.745 18.745-49.137 0-67.882zM112 160c-26.51 0-48-21.49-48-48s21.49-48 48-48 48 21.49 48 48-21.49 48-48 48zm513.941 133.823L421.823 497.941c-18.745 18.745-49.137 18.745-67.882 0l-.36-.36L527.64 323.522c16.999-16.999 26.36-39.6 26.36-63.64s-9.362-46.641-26.36-63.64L331.397 0h48.721a48 48 0 0 1 33.941 14.059l211.882 211.882c18.745 18.745 18.745 49.137 0 67.882z"
                                              fill="currentColor"
                                              style={Object {}}
                                            />
                                          </svg>
                                        </FontAwesomeIcon>
                                      </div>
                                    </S-PreIconWrapperDiv>
                                    <CategoryTag
                                      key="custom-test-tag"
                                      name="custom-test-tag"
                                    >
                                      <Link
                                        href="/tags/custom-test-tag"
                                        passHref={true}
                                      >
                                        <Anchor
                                          href="/tags/custom-test-tag"
                                          onClick={[Function]}
                                          onMouseEnter={[Function]}
                                        >
                                          <a
                                            className="emotion-38 emotion-39"
                                            href="/tags/custom-test-tag"
                                            onClick={[Function]}
                                            onMouseEnter={[Function]}
                                          >
                                            custom-test-tag
                                          </a>
                                        </Anchor>
                                      </Link>
                                    </CategoryTag>
                                  </div>
                                </S-ComponentWrapperDiv>
                              </CategoryTagList>
                            </div>
                          </TagListWrapperDiv>
                        </div>
                      </AfterTitleDiv>
                    </header>
                  </WrapperHeader>
                </BodyHeader>
              </ArticleHeader>
              <ArticleHeader
                article={
                  Object {
                    "attributes": Object {
                      "id": "test-article-id-1",
                      "publishedAt": "2021-01-01T00:00:00.000Z",
                      "tags": Array [
                        "custom-test-tag",
                      ],
                      "title": "Test Article Title 1",
                    },
                    "body": "## test h2

this is a test paragraph of test-article-id-1.
",
                    "changeLogs": Array [
                      Object {
                        "author": "8ayac",
                        "date": "2021-01-01T11:11:11.000Z",
                        "description": ":test_prefix: this is a test commit 1-1",
                        "id": "1000001",
                      },
                      Object {
                        "author": "8ayac",
                        "date": "2021-01-01T22:22:22.000Z",
                        "description": ":test_prefix: this is a test commit 1-2",
                        "id": "1000002",
                      },
                    ],
                    "description": "test h2

this is a test paragraph of test-article-id-1.

",
                  }
                }
                key="test-article-id-1"
              >
                <BodyHeader
                  afterTitle={
                    <TagListWrapperDiv>
                      <CategoryTagList
                        tags={
                          Array [
                            "custom-test-tag",
                          ]
                        }
                        withPreIcon={true}
                      />
                    </TagListWrapperDiv>
                  }
                  beforeTitle={
                    <DateTimeWrapperDiv>
                      <DateTime
                        date="2021-01-01T00:00:00.000Z"
                        description="Published At"
                      />
                      <DateTime
                        date={2021-01-01T22:22:22.000Z}
                        description="Updated At"
                      />
                    </DateTimeWrapperDiv>
                  }
                  linkTo="/articles/2021-01-01/test-article-id-1"
                  title="Test Article Title 1"
                >
                  <WrapperHeader>
                    <header
                      className="emotion-0 emotion-1"
                    >
                      <BeforeTitleDiv>
                        <div
                          className="emotion-10 emotion-11"
                        >
                          <DateTimeWrapperDiv>
                            <div
                              className="emotion-12 emotion-13"
                            >
                              <DateTime
                                date="2021-01-01T00:00:00.000Z"
                                description="Published At"
                              >
                                <ComponentWrapperDiv>
                                  <div
                                    className="emotion-14 emotion-15"
                                  >
                                    <DescriptionSpan>
                                      <span
                                        className="emotion-16 emotion-17"
                                      >
                                        Published At:
                                      </span>
                                    </DescriptionSpan>
                                    <ISODateTime>
                                      <time
                                        className="emotion-18 emotion-19"
                                      >
                                        2021-01-01T00:00:00.000Z
                                      </time>
                                    </ISODateTime>
                                  </div>
                                </ComponentWrapperDiv>
                              </DateTime>
                              <DateTime
                                date={2021-01-01T22:22:22.000Z}
                                description="Updated At"
                              >
                                <ComponentWrapperDiv>
                                  <div
                                    className="emotion-14 emotion-15"
                                  >
                                    <DescriptionSpan>
                                      <span
                                        className="emotion-16 emotion-17"
                                      >
                                        Updated At:
                                      </span>
                                    </DescriptionSpan>
                                    <ISODateTime>
                                      <time
                                        className="emotion-18 emotion-19"
                                      >
                                        2021-01-01T22:22:22.000Z
                                      </time>
                                    </ISODateTime>
                                  </div>
                                </ComponentWrapperDiv>
                              </DateTime>
                            </div>
                          </DateTimeWrapperDiv>
                        </div>
                      </BeforeTitleDiv>
                      <TitleH1>
                        <h1
                          className="emotion-2 emotion-3"
                        >
                          <Link
                            href="/articles/2021-01-01/test-article-id-1"
                            passHref={true}
                          >
                            <TitleAnchor
                              href="/articles/2021-01-01/test-article-id-1"
                              onClick={[Function]}
                              onMouseEnter={[Function]}
                            >
                              <a
                                className="emotion-28 emotion-29"
                                href="/articles/2021-01-01/test-article-id-1"
                                onClick={[Function]}
                                onMouseEnter={[Function]}
                              >
                                Test Article Title 1
                              </a>
                            </TitleAnchor>
                          </Link>
                        </h1>
                      </TitleH1>
                      <AfterTitleDiv>
                        <div
                          className="emotion-30 emotion-31"
                        >
                          <TagListWrapperDiv>
                            <div
                              className="emotion-32 emotion-33"
                            >
                              <CategoryTagList
                                tags={
                                  Array [
                                    "custom-test-tag",
                                  ]
                                }
                                withPreIcon={true}
                              >
                                <S-ComponentWrapperDiv>
                                  <div
                                    className="emotion-34 emotion-35"
                                  >
                                    <S-PreIconWrapperDiv>
                                      <div
                                        className="emotion-36 emotion-37"
                                      >
                                        <FontAwesomeIcon
                                          border={false}
                                          fixedWidth={false}
                                          flip={null}
                                          icon={
                                            Object {
                                              "icon": Array [
                                                640,
                                                512,
                                                Array [],
                                                "f02c",
                                                "M497.941 225.941L286.059 14.059A48 48 0 0 0 252.118 0H48C21.49 0 0 21.49 0 48v204.118a48 48 0 0 0 14.059 33.941l211.882 211.882c18.744 18.745 49.136 18.746 67.882 0l204.118-204.118c18.745-18.745 18.745-49.137 0-67.882zM112 160c-26.51 0-48-21.49-48-48s21.49-48 48-48 48 21.49 48 48-21.49 48-48 48zm513.941 133.823L421.823 497.941c-18.745 18.745-49.137 18.745-67.882 0l-.36-.36L527.64 323.522c16.999-16.999 26.36-39.6 26.36-63.64s-9.362-46.641-26.36-63.64L331.397 0h48.721a48 48 0 0 1 33.941 14.059l211.882 211.882c18.745 18.745 18.745 49.137 0 67.882z",
                                              ],
                                              "iconName": "tags",
                                              "prefix": "fas",
                                            }
                                          }
                                          inverse={false}
                                          listItem={false}
                                          mask={null}
                                          pull={null}
                                          pulse={false}
                                          rotation={null}
                                          size={null}
                                          spin={false}
                                          swapOpacity={false}
                                          symbol={false}
                                          title=""
                                          transform={null}
                                        >
                                          <svg
                                            aria-hidden="true"
                                            className="svg-inline--fa fa-tags fa-w-20 "
                                            data-icon="tags"
                                            data-prefix="fas"
                                            focusable="false"
                                            role="img"
                                            style={Object {}}
                                            viewBox="0 0 640 512"
                                            xmlns="http://www.w3.org/2000/svg"
                                          >
                                            <path
                                              d="M497.941 225.941L286.059 14.059A48 48 0 0 0 252.118 0H48C21.49 0 0 21.49 0 48v204.118a48 48 0 0 0 14.059 33.941l211.882 211.882c18.744 18.745 49.136 18.746 67.882 0l204.118-204.118c18.745-18.745 18.745-49.137 0-67.882zM112 160c-26.51 0-48-21.49-48-48s21.49-48 48-48 48 21.49 48 48-21.49 48-48 48zm513.941 133.823L421.823 497.941c-18.745 18.745-49.137 18.745-67.882 0l-.36-.36L527.64 323.522c16.999-16.999 26.36-39.6 26.36-63.64s-9.362-46.641-26.36-63.64L331.397 0h48.721a48 48 0 0 1 33.941 14.059l211.882 211.882c18.745 18.745 18.745 49.137 0 67.882z"
                                              fill="currentColor"
                                              style={Object {}}
                                            />
                                          </svg>
                                        </FontAwesomeIcon>
                                      </div>
                                    </S-PreIconWrapperDiv>
                                    <CategoryTag
                                      key="custom-test-tag"
                                      name="custom-test-tag"
                                    >
                                      <Link
                                        href="/tags/custom-test-tag"
                                        passHref={true}
                                      >
                                        <Anchor
                                          href="/tags/custom-test-tag"
                                          onClick={[Function]}
                                          onMouseEnter={[Function]}
                                        >
                                          <a
                                            className="emotion-38 emotion-39"
                                            href="/tags/custom-test-tag"
                                            onClick={[Function]}
                                            onMouseEnter={[Function]}
                                          >
                                            custom-test-tag
                                          </a>
                                        </Anchor>
                                      </Link>
                                    </CategoryTag>
                                  </div>
                                </S-ComponentWrapperDiv>
                              </CategoryTagList>
                            </div>
                          </TagListWrapperDiv>
                        </div>
                      </AfterTitleDiv>
                    </header>
                  </WrapperHeader>
                </BodyHeader>
              </ArticleHeader>
            </div>
          </ArticleHeaderWrapperDiv>
        </div>
      </ComponentWrapperDiv>
    </ArticleHeaderList>
  </TagsPage>
</ThemeProvider>
`;
