// Jest Snapshot v1, https://goo.gl/fbAQLP

exports[`BasicOGPMeta is rendered correctly to match the snapshot 1`] = `
<BasicOGPMeta
  ogDescription="This is a test Description"
  ogImageUrl="https://blog.8ay.ac/favicon.png"
  ogTitle="Test Title"
  ogType="testtype"
  ogUrl="https://blog.8ay.ac/THIS_IS_TEST"
>
  <meta
    content="Test Title"
    property="og:title"
  />
  <meta
    content="testtype"
    property="og:type"
  />
  <meta
    content="https://blog.8ay.ac/THIS_IS_TEST"
    property="og:url"
  />
  <meta
    content="https://blog.8ay.ac/favicon.png"
    property="og:image"
  />
  <meta
    content="もしくはこれ"
    property="og:site_name"
  />
  <meta
    content="This is a test Description"
    property="og:description"
  />
</BasicOGPMeta>
`;
