// Jest Snapshot v1, https://goo.gl/fbAQLP

exports[`TopPage is rendered correctly to match the snapshot 1`] = `
<Fragment>
  <S-ArticleListSection>
    <BodyHeader
      title="Articles"
    />
    <ArticleHeaderList
      articles={
        Array [
          Object {
            "body": "bluhbluhbluh",
            "id": "test-article-01",
            "publishedAt": "2021-01-01 00:00:00 +0000",
            "tags": Array [
              "test-cat01",
              "test-cat02",
              "test-cat03",
            ],
            "title": "Test Title 01",
            "updatedAt": "2021-01-01 00:00:00 +0000",
          },
          Object {
            "body": "bluhbluhbluh",
            "id": "test-article-02",
            "publishedAt": "2021-02-02 00:00:00 +0000",
            "tags": Array [
              "test-cat01",
              "test-cat02",
            ],
            "title": "Test Title 02",
            "updatedAt": "2021-02-02 00:00:00 +0000",
          },
          Object {
            "body": "bluhbluhbluh",
            "id": "test-article-03",
            "publishedAt": "2021-03-03 00:00:00 +0000",
            "tags": Array [
              "test-cat01",
            ],
            "title": "Test Title 03",
            "updatedAt": "2021-03-03 00:00:00 +0000",
          },
        ]
      }
    />
  </S-ArticleListSection>
  <S-CategoryListSection>
    <BodyHeader
      title="Tags"
    />
    <CategoryTagList
      tags={
        Array [
          "test-cat01 (3)",
          "test-cat02 (2)",
          "test-cat03 (1)",
          "test-cat01 (3)",
          "test-cat02 (2)",
          "test-cat01 (3)",
        ]
      }
    />
  </S-CategoryListSection>
</Fragment>
`;
