// Jest Snapshot v1, https://goo.gl/fbAQLP

exports[`CategoryTag is rendered correctly to match the snapshot 1`] = `
.emotion-0 {
  padding: 3% 1rem 4%;
  margin: 0;
  font-size: 0.8em;
  font-weight: 600;
  color: white;
  -webkit-text-decoration: none;
  text-decoration: none;
  background-color: hsla(212, 72%, 50%);
  -webkit-filter: drop-shadow(2px 2px 1px hsla(212, 72%, 80%));
  filter: drop-shadow(2px 2px 1px hsla(212, 72%, 80%));
  border-radius: 3px;
}

.emotion-0:hover {
  color: white;
  background-color: hsla(212, 72%, 60%);
}

.emotion-0:visited {
  color: white;
}

<CategoryTag
  name="test-cat"
>
  <Link
    href="/tags/test-cat"
    passHref={true}
  >
    <Anchor
      href="/tags/test-cat"
      onClick={[Function]}
      onMouseEnter={[Function]}
    >
      <a
        className="emotion-0 emotion-1"
        href="/tags/test-cat"
        onClick={[Function]}
        onMouseEnter={[Function]}
      >
        test-cat
      </a>
    </Anchor>
  </Link>
</CategoryTag>
`;
