// Jest Snapshot v1, https://goo.gl/fbAQLP

exports[`CategoryTag is rendered correctly to match the snapshot 1`] = `
.emotion-0 {
  padding: 0.2rem 1rem;
  font-size: 0.8em;
  color: white;
  -webkit-text-decoration: none;
  text-decoration: none;
  background-color: hsla(212, 72%, 45%);
  -webkit-filter: drop-shadow(
        2px 2px 1px hsla(212, 72%, 75%)
      );
  filter: drop-shadow(
        2px 2px 1px hsla(212, 72%, 75%)
      );
  border-radius: 3px;
}

.emotion-0:hover {
  color: white;
  background-color: hsla(212, 72%, 55%);
}

.emotion-0:visited {
  color: white;
}

<ThemeProvider
  theme={
    Object {
      "color": Object {
        "articleShareButtons": Object {
          "buttonWrapperDiv": Object {
            "shadow": "hsla(212, 72%, 75%)",
          },
        },
        "blogTitle": Object {
          "logoWrapperAnchor": Object {
            "textOnHover": "hsla(148, 72%, 75%)",
          },
        },
        "bodyHeader": Object {
          "titleAnchor": Object {
            "shadow": "hsla(148, 72%, 75%)",
          },
        },
        "categoryTag": Object {
          "anchor": Object {
            "bg": "hsla(212, 72%, 45%)",
            "bgOnHover": "hsla(212, 72%, 55%)",
            "shadow": "hsla(212, 72%, 75%)",
            "text": "white",
          },
        },
        "common": Object {
          "border": Object {
            "primary": "hsla(0, 0%, 50%)",
            "primaryLight": "hsla(0, 0%, 75%)",
          },
          "text": Object {
            "accent": "hsla(148, 72%, 45%)",
            "primary": "hsla(0, 0%, 15%)",
            "primaryLight": "hsla(0, 0%, 40%)",
            "secondary": "hsla(212, 72%, 35%)",
          },
        },
        "dateTime": Object {
          "isoDateTime": Object {
            "text": "hsla(212, 72%, 35%)",
          },
        },
        "global": Object {
          "body": Object {
            "bg": "hsla(60, 72%, 55%)",
          },
          "table": Object {
            "tr": Object {
              "bg2n": "hsla(148, 72%, 85%)",
            },
          },
        },
        "markdownRenderer": Object {
          "convertedMdBody": Object {
            "blockquote": Object {
              "border": "hsla(212, 72%, 85%)",
            },
          },
        },
        "siteHeader": Object {
          "header": Object {
            "bg": "hsla(148, 72%, 25%)",
            "shadow": "hsla(148, 72%, 15%)",
          },
          "innerWrapperFlexContainerDiv": Object {
            "shadow": "hsla(148, 72%, 15%)",
          },
        },
        "socialLinkWithIcon": Object {
          "socialLinkAnchor": Object {
            "textOnHover": "hsla(60, 72%, 55%)",
          },
        },
      },
    }
  }
>
  <CategoryTag
    name="test-tag-1-1"
  >
    <Link
      href="/tags/test-tag-1-1"
      passHref={true}
    >
      <Anchor
        href="/tags/test-tag-1-1"
        onClick={[Function]}
        onMouseEnter={[Function]}
      >
        <a
          className="emotion-0 emotion-1"
          href="/tags/test-tag-1-1"
          onClick={[Function]}
          onMouseEnter={[Function]}
        >
          test-tag-1-1
        </a>
      </Anchor>
    </Link>
  </CategoryTag>
</ThemeProvider>
`;
