// Jest Snapshot v1, https://goo.gl/fbAQLP

exports[`ArticleHeader is rendered correctly  to match the snapshot 1`] = `
<WrapperHeader>
  <DateTimeWrapperDiv>
    <DateTime
      date={1999-12-31T15:00:00.000Z}
      description="Published At"
    />
    <DateTime
      date={2000-02-01T15:00:00.000Z}
      description="Updated At"
    />
  </DateTimeWrapperDiv>
  <ArticleTitleH1>
    Test Title
  </ArticleTitleH1>
</WrapperHeader>
`;

exports[`ArticleHeader is rendered correctly to match the snapshot 1`] = `
<WrapperHeader>
  <DateTimeWrapperDiv>
    <DateTime
      date={1999-12-31T15:00:00.000Z}
      description="Published At"
    />
    <DateTime
      date={2000-02-01T15:00:00.000Z}
      description="Updated At"
    />
  </DateTimeWrapperDiv>
  <ArticleTitleH1>
    Test Title
  </ArticleTitleH1>
</WrapperHeader>
`;
